Parsing types from 'C:\Program Files (x86)\Eclipse\Sumo\/data/typemap/osmNetconvert.typ.xml' ... done.
Parsing nodes from osm-file 'osm/intersection_source_filtered.osm.xml.gz' ... done (3ms).
Parsing edges from osm-file 'osm/intersection_source_filtered.osm.xml.gz' ... done (1ms).
Removing duplicate edges ... done.
Parsing relations from osm-file 'osm/intersection_source_filtered.osm.xml.gz' ...
 done (1ms).
 Import done:
   6 nodes loaded.
   38 types loaded.
   10 edges loaded.
Proj projection parameters used: '+proj=utm +zone=32 +ellps=WGS84 +datum=WGS84 +units=m +no_defs'.
Removing self-loops ... done (0ms).
Removing empty nodes ... done (1ms).
   0 nodes removed.
Moving network to origin ... done (1ms).
Computing turning directions ... done (1ms).
Assigning nodes to traffic lights ... done (0ms).
Sorting nodes' edges ... done (0ms).
Computing node shapes ... done (1ms).
Computing edge shapes ... done (0ms).
Computing node types ... done (0ms).
Computing priorities ... done (0ms).
Computing approached edges ... done (1ms).
Guessing and setting roundabouts ... done (0ms).
Computing approaching lanes ... done (0ms).
Dividing of lanes on approached lanes ... done (0ms).
Processing turnarounds ... done (0ms).
Rechecking of lane endings ... done (1ms).
Joining traffic light nodes ... done (0ms).
Computing traffic light control information ... done (0ms).
Computing node logics ... done (0ms).
Computing traffic light logics ... done (1ms).
 4 traffic light(s) computed.
Building inner edges ... done (0ms).
-----------------------------------------------------
Summary:
 Node type statistics:
  Unregulated junctions       : 0
  Dead-end junctions          : 2
  Priority junctions          : 0
  Right-before-left junctions : 0
  Traffic light junctions      : 4
 Network boundaries:
  Original boundary  : 11.42,48.77,11.43,48.77
  Applied offset     : -678111.04,-5404983.31
  Converted boundary : 0.00,0.00,273.42,91.07
-----------------------------------------------------
Writing network ... done (9ms).
Success.

Warning: No node found for reference '371774881' in relation '17853039'.
Warning: Ignoring restriction relation '17853039' with unknown via.

